[?7h[40m[2J[2C[40m[s
[u[0;1;35m€€€€[0;35m€   [s
[u[1m€€€€[0;35m€[2;1H  [s
[u[1;42m€[40m€€€[0;35m€  [s
[u [1m€€€[0;35m€ [1m€€[s
[u[0;35m€ [1m€€€€€[0;35m€[s
[u [1m€€[0;35m€   [1m€€€€[s
[u[0;35m€[1m‹‹€€[45m[40m[s
[u[45m‹[40m‹[0;35m‹[1m€[s
[u[0;35m€[1m€€€€€[0;35m€[s
[u[10C[1;33;43m≤[40m€€[s
[u[43m€€[40m€[3;1H   [s
[u[35m€€€€[0;35m€  [1m€€[s
[u[0;35m€  [1m‹‹[0;35m‹ [s
[u[1m€[0;35m€  [1m€[s
[u[0;35m€ [1m€€[0;35m€   [s
[u[1m€[0;35m€ [1m€[0;35m[s
[u€  [1m€€[0;35m€    [1m€[s
[u[0;35m€  [1m€[0;35m€[s
[u[8C[1;33;43m≤[40m€[s
[u[43m€€€€€€€€[4;1H[40m[s
[u[3C[35;42m€[40m€€€[s
[u[0;35m€ [1m€€€[0;35m€  [s
[u[1m€€[0;35m€ [1m€[s
[u[0;35m€  [1m€[0;35m€ [s
[u[1m€€[0;35m€   [1m€[s
[u[0;35m€ [1m€[0;35m€  [s
[u[1m€€[0;35m€    [1m€[s
[u[0;35m€  [1m€[0;35m€[s
[u[5C[1;33;43m≤[40m€[s
[u[43m€€€€€€€€€€€[40m€
[5;1H    [35m€€€[0;35m€ [s
[u[1m€€€[0;35m€  [1m€€[s
[u[0;35m€ [1m€[0;35m€  [s
[u[1m€[0;35m€ [1m€€[s
[u[0;35m€   [1m€€€€[0;35m[s
[u€  [1m€€[0;35m€    [1m€[s
[u[0;35m€[1m‹‹‹[0;35m‹   [s
[u[1;33;43m≤≤≤≤≤€€€€€€[40m[s
[u[43m€€€€€€€[6;1H[40m[s
[u[4C[35;42m€[40m€€€[s
[u[0;35m€[1m€€[0;35m€   [s
[u[1m€€[0;35m€ [1m€[s
[u[0;35m€  [1m€[0;35m€ [s
[u[1m€€[0;35m€   [1m€[s
[u[0;35m€[5C[1m€€[0;35m€[s
[u    [1mﬂﬂﬂﬂ€[0;35m€[s
[u[1;33;43m≤≤≤≤[40m€[s
[u[43m€€€≤€€€€≤€€€€€€€[40m[s
[u[43m€€[7;1H[5C[40m[s
[u[35;42m€[40m€€€€[0;35m€[s
[u    [1m€€[0;35m€ [1m€€€[s
[u€€[0;35m€ [1m€€€€€[s
[u[0;35m€[1m€€€€[0;35m€  [s
[u[1m€€[0;35m€    [1m€€€€[s
[u€[0;35m€[1;33;43m±±[40m[s
[u[43m±≤≤€€€€€€≤€€€€€€[40m[s
[u[43m≤€€€€€€[8;1H[40m[s
[u[48C[43m≤≤±±∞∞∞±≤€€[40m[s
[u[43m€€€€€€€≤€€€≤≤≤≤±[40m[s
[u[43m∞∞∞[9;1H[3C[40m[s
[u[35;42m€[40m€€€€[0;35m€[s
[u [1m€€€€€[0;35m€[1m‹‹€€[s
[u[45m‹[0;35m‹[1m‹€€[s
[u[45m‹[40m‹[0;35m‹  [1m[s
[u€€€[0;35m€  [1m€€€€€[s
[u[0;35m€[1m€€€€[0;35m€[s
[u[1;33;43m≤±∞∞∞[0m€€[s
[u[1;33;43m∞∞∞≤≤≤€€€€€[40m[s
[u[43m€€≤€€±±∞∞∞[40m
[10;1H   [35m€€[0;35m€    [s
[u[1m€[0;35m€  [1m€[s
[u[0;35m€  [1m€€[0;35m€  [s
[u[1m€€[0;35m€   [1m€€€€[s
[u[45m€[0;35m€ [1m€[s
[u[0;35m€    [1m€[0;35m€[s
[u[1;33;43m≤[35;40m€[s
[u[0;35m€[1;33;43m∞∞[40m[s
[u[0m€€€€€€€[1;33;43m[40m[s
[u[43m∞±±≤≤€€€€€≤≤≤≤∞∞[40m[s
[u[30;40m€€€[11;1H   [35m[s
[u€€[0;35m€    [1m€[0;35m[s
[u€  [1m€[0;35m€  [1m€€[s
[u[0;35m€  [1m€€[0;35m€  [s
[u [1m€€[0;35m€[1m€€[s
[u[0;35m€ [1m€[0;35m€ [s
[u[1mﬂ€[0;35m€[1m€[0;35m[s
[u€[1;33;43m±[35;40m€[s
[u[0;35m€[37m€€€€€€€€€€[s
[u[1;33;43m∞∞±≤≤≤≤≤≤±±[40m[s
[u[43m±∞[30;40m€€€€€[s
[u[32;42m›[0;32mﬂ[s
[u[1;42m‹[1Cﬂ[12;1H[40m[s
[u[3C[35m€€[0;35m€    [s
[u[1m€[0;35m€  [1m€[s
[u[0;35m€  [1m€€[0;35m€  [s
[u[1m€€[0;35m€  [1m€€€[s
[u[0;35m€[1m€[45m€[40m[s
[u[0;35m€ [1m€[0;35m€  [s
[u[1m€[0;35m€[1m€€€€[s
[u[0;35m€[37m€€[s
[u[1;33;43m€€∞[0m€€€€€€[s
[u[1;33;43m∞∞∞±±±±∞∞∞∞[40m[s
[u[30;40m€€€€€€[s
[u[32;42mﬂ›ﬁ[0;32mﬂ‹
[13;1H   [1;35m€€[0;35m€  [s
[u  [1m€[0;35m€  [1m€[s
[u[0;35m€  [1m€€[0;35m€  [s
[u[1m€€[0;35m€ [1m€€€[s
[u[45mﬂ[40mﬂﬂ€[0;35m€ [s
[u[1m€[0;35m€  [1m€[s
[u[0;35m€[1m€[0;35m€ [s
[u[37m€€€€[1;33;43m€€[40m[s
[u[43m∞€€[0m€€€€€[s
[u[1;33;43m∞∞∞∞∞∞[40m[s
[u[30;40m€€€€€€€€€€[s
[u[32;42mﬂ›ﬂ[0;32mﬂﬂ
[14;1H   [1;35;42m€[40m[s
[u[40m€€€€[0;35m€ [1m€€€€[s
[u€[0;35m€  [1m€€[0;35m€ [s
[u [1m€€[0;35m€ [1m€€[s
[u[0;35m€   [1m€€[0;35m€[s
[u[1m€€€€€[0;35m€[1m€€€€[s
[u[0;35m€[37m€€[s
[u[1;33;43m€€∞€€[0m€€€€€€[s
[u[1;33;43m∞∞[30;40m€€€€€€[s
[u€[33;43m€[30;40m€€€€€[s
[u[32;42mﬂ›ﬂﬂ[0;32mﬂ
[15;1H[45C[37m€€€€€€€€€€€€[s
[u€€€[1;30m€€€€€€€[s
[u[33;43m∞€€[30;40m€€€€€[s
[u[32;42m‹ﬁﬂ[0;32m‹ﬂ
[16;1H[38C[1;42mﬂ[40m[s
[u[0;31;42m@[1;32mﬁ[40m[s
[u[0;32m‹[1;42mﬂ[40m[s
[u[0;32mﬂ[31;42m@[40m[s
[u[37;40m€€€€[s
[u[1;33;43m∞∞±[0m€€€€€€€€[s
[u[1;30m€€€€€[33;43m€[40m[s
[u[43m€∞€€[30;40m€€€€€[s
[u[32;42mﬂ≤[0;32mﬂ[s
[u[1;42mﬂ[0;32mﬂ[17;1H [s
[u[45m [1;37mIGM for [40m[s
[u[45mLegend of the Re[40m[s
[u[45md Dragon [6C[40m[s
[u[32;42mﬂ[0;32m‹[s
[u[1;42mﬁ›[0m€€€€[s
[u[1;33;43m∞∞±≤≤[0m€€€€€€[s
[u[1;30m€€€€€[33;43m€[40m[s
[u[43m€∞€€[30;40m€€€€€[s
[u[32;42m‹ﬁﬂ[0;32mﬂ‹
[18;1H [45m    [1;37m[40m[s
[u[45mWritten by Trevo[40m[s
[u[45mr Herndon     [40m[s
[u[1C[32;42m€[0;32mﬂ[s
[u[31;42m@[32;40m‹[s
[u[31;42m@[1;32mﬂ›[40m[s
[u[0;31;42m@[1;32m‹[40m[s
[u[0m€€€€[1;33;43m∞∞±[40m[s
[u[43m≤≤[0m€€€€€€[1;30m€€[s
[u€€€[33;43m€€∞€[40m[s
[u[30;40m€€€[19;1H [s
[u[45m  [37mCompiled [40m[s
[u[45min Borland Pasca[40m[s
[u[45ml v7.0 [4C[40m[s
[u[32;42m∞[0;32m‹[s
[u[1;42mﬂ[0;32m‹[s
[u[1;42mﬂﬂ[0m€€€€[s
[u[1;33;43m∞∞±≤≤[0m€€€€€[s
[u[31;42m@[1;30;40m€€[s
[u[32;42m‹[30;40m€€[s
[u[33;43m€€[30;40m€€€
[20;1H [45m  [37mComm[40m[s
[u[45m routines via DD[40m[s
[u[45mPLUS v7.1   [3C[40m[s
[u[32;42mﬂ[0;32mﬂ[s
[u[1;42mﬂ[0;32mﬂ[s
[u[31;42m@[1;32mﬂﬂ[40m[s
[u[0m€[31;42m@[40m[s
[u[37;40m€€[1;33;43m∞[40m[s
[u[43m∞±≤≤[0m€€€€[s
[u[1;32;42m€ﬂ[30;40m€€[s
[u[32;42m‹[0;31;42m@[40m[s
[u[1;30;40m€€€€€€[21;1H [s
[u[45m [37mCopyright [40m[s
[u[45m1995, Archon Com[40m[s
[u[45mputing [5C[40m[s
[u[0;31;42m@[1;32mﬂ≤ [40m[s
[u[42mﬂ[0;31;42m@[40m[s
[u[42m[1;32m≤[0m€€[s
[u[1;33;43m∞∞±≤≤[0m€€[s
[u[1;32;42mﬂ[0;31;42m[40m[s
[u[42m@[1;32mﬁ›[40m[s
[u[0;31;42m@[1;32m‹ﬁﬂ[40m[s
[u[42m›ﬂ[0;31;42m@[40m
[22;1H[39C[42m@[40m[s
[u[32;40mﬂ[1;42m‹ﬁﬂﬂ‹[40m[s
[u[42mﬁﬂ[0;31;42m@[40m[s
[u[42m[1;32m›[33;43m[40m[s
[u[43m∞±≤≤[0m€€€€[s
[u[1;32;42mﬁ[0;31;42m[40m[s
[u[42m@[1;32mﬂ‹ﬁ[40m[s
[u[0;31;42m@[1;32m›[40m[s
[u[0;31;42m@[1;32mﬂ≤[40m
[23;1H[22C[35;45m<[40m[A
[23C[45m[37mPress Any[40m[A
[32C[45m Key[35m>[40m[A
[37C[17C[0;43m€€[40m€€[A
[58C[1;32;42m›ﬂ‹[40m[A
[61C[0;31;42m@[1;32mS[40m[A
[63C[42mOLUSﬁ
